// Jest Snapshot v1, https://goo.gl/fbAQLP

exports[`create snapshot captures snapshot of CustomButton 1`] = `
<button
  className="sc-bdVaJa kqgmkj"
/>
`;
